{
  "version": "1.5.0",
  "plugins_used": [
    {
      "name": "ArtifactoryDetector"
    },
    {
      "name": "AWSKeyDetector"
    },
    {
      "name": "AzureStorageKeyDetector"
    },
    {
      "name": "Base64HighEntropyString",
      "limit": 4.5
    },
    {
      "name": "BasicAuthDetector"
    },
    {
      "name": "CloudantDetector"
    },
    {
      "name": "DiscordBotTokenDetector"
    },
    {
      "name": "GitHubTokenDetector"
    },
    {
      "name": "GitLabTokenDetector"
    },
    {
      "name": "HexHighEntropyString",
      "limit": 3.0
    },
    {
      "name": "IbmCloudIamDetector"
    },
    {
      "name": "IbmCosHmacDetector"
    },
    {
      "name": "IPPublicDetector"
    },
    {
      "name": "JwtTokenDetector"
    },
    {
      "name": "KeywordDetector",
      "keyword_exclude": ""
    },
    {
      "name": "MailchimpDetector"
    },
    {
      "name": "NpmDetector"
    },
    {
      "name": "OpenAIDetector"
    },
    {
      "name": "PrivateKeyDetector"
    },
    {
      "name": "PypiTokenDetector"
    },
    {
      "name": "SendGridDetector"
    },
    {
      "name": "SlackDetector"
    },
    {
      "name": "SoftlayerDetector"
    },
    {
      "name": "SquareOAuthDetector"
    },
    {
      "name": "StripeDetector"
    },
    {
      "name": "TelegramBotTokenDetector"
    },
    {
      "name": "TwilioKeyDetector"
    }
  ],
  "filters_used": [
    {
      "path": "detect_secrets.filters.allowlist.is_line_allowlisted"
    },
    {
      "path": "detect_secrets.filters.common.is_ignored_due_to_verification_policies",
      "min_level": 2
    },
    {
      "path": "detect_secrets.filters.heuristic.is_indirect_reference"
    },
    {
      "path": "detect_secrets.filters.heuristic.is_likely_id_string"
    },
    {
      "path": "detect_secrets.filters.heuristic.is_lock_file"
    },
    {
      "path": "detect_secrets.filters.heuristic.is_not_alphanumeric_string"
    },
    {
      "path": "detect_secrets.filters.heuristic.is_potential_uuid"
    },
    {
      "path": "detect_secrets.filters.heuristic.is_prefixed_with_dollar_sign"
    },
    {
      "path": "detect_secrets.filters.heuristic.is_sequential_string"
    },
    {
      "path": "detect_secrets.filters.heuristic.is_swagger_file"
    },
    {
      "path": "detect_secrets.filters.heuristic.is_templated_secret"
    }
  ],
  "results": {
    "README.md": [
      {
        "type": "Secret Keyword",
        "filename": "README.md",
        "hashed_secret": "b3536b070485ad080fe868f00cba56b7dc29ac83",
        "is_verified": false,
        "line_number": 97
      }
    ],
    "install.sh": [
      {
        "type": "Secret Keyword",
        "filename": "install.sh",
        "hashed_secret": "b3536b070485ad080fe868f00cba56b7dc29ac83",
        "is_verified": false,
        "line_number": 158
      }
    ],
    "larkhelm_config.example.json": [
      {
        "type": "Secret Keyword",
        "filename": "larkhelm_config.example.json",
        "hashed_secret": "b3536b070485ad080fe868f00cba56b7dc29ac83",
        "is_verified": false,
        "line_number": 3
      }
    ],
    "tests/ac10_test.py": [
      {
        "type": "Secret Keyword",
        "filename": "tests/ac10_test.py",
        "hashed_secret": "3acfb2c2b433c0ea7ff107e33df91b18e52f960f",
        "is_verified": false,
        "line_number": 14
      }
    ],
    "tests/conftest.py": [
      {
        "type": "Secret Keyword",
        "filename": "tests/conftest.py",
        "hashed_secret": "7b7826878b2524667ad0aeac7c8cf7d917e3c727",
        "is_verified": false,
        "line_number": 50
      },
      {
        "type": "Secret Keyword",
        "filename": "tests/conftest.py",
        "hashed_secret": "e9a5f12a8ecbb3eb46eca5096b5c52aa5e7c9fdd",
        "is_verified": false,
        "line_number": 228
      }
    ],
    "tests/repro_bug_3a.py": [
      {
        "type": "Secret Keyword",
        "filename": "tests/repro_bug_3a.py",
        "hashed_secret": "a94a8fe5ccb19ba61c4c0873d391e987982fbbd3",
        "is_verified": false,
        "line_number": 16
      },
      {
        "type": "Secret Keyword",
        "filename": "tests/repro_bug_3a.py",
        "hashed_secret": "e9a5f12a8ecbb3eb46eca5096b5c52aa5e7c9fdd",
        "is_verified": false,
        "line_number": 35
      }
    ],
    "tests/test_backend_api.py": [
      {
        "type": "Secret Keyword",
        "filename": "tests/test_backend_api.py",
        "hashed_secret": "e9a5f12a8ecbb3eb46eca5096b5c52aa5e7c9fdd",
        "is_verified": false,
        "line_number": 21
      }
    ],
    "tests/test_backend_api_template.py": [
      {
        "type": "Secret Keyword",
        "filename": "tests/test_backend_api_template.py",
        "hashed_secret": "e9a5f12a8ecbb3eb46eca5096b5c52aa5e7c9fdd",
        "is_verified": false,
        "line_number": 31
      }
    ],
    "tests/test_bridge_main.py": [
      {
        "type": "Secret Keyword",
        "filename": "tests/test_bridge_main.py",
        "hashed_secret": "eb3d6b8a9e2a4087e2690c93f6f8a98ec33777fe",
        "is_verified": false,
        "line_number": 30
      }
    ],
    "tests/test_cold_start_carryover.py": [
      {
        "type": "Secret Keyword",
        "filename": "tests/test_cold_start_carryover.py",
        "hashed_secret": "72cb70dbbafe97e5ea13ad88acd65d08389439b0",
        "is_verified": false,
        "line_number": 31
      }
    ],
    "tests/test_config_init_split.py": [
      {
        "type": "Secret Keyword",
        "filename": "tests/test_config_init_split.py",
        "hashed_secret": "7b33bd3d0fc3125ed1265f61ebf1a9f75299f241",
        "is_verified": false,
        "line_number": 39
      }
    ],
    "tests/test_exception_handling.py": [
      {
        "type": "Secret Keyword",
        "filename": "tests/test_exception_handling.py",
        "hashed_secret": "e9a5f12a8ecbb3eb46eca5096b5c52aa5e7c9fdd",
        "is_verified": false,
        "line_number": 169
      }
    ],
    "tests/test_failover_record_call_failure.py": [
      {
        "type": "Secret Keyword",
        "filename": "tests/test_failover_record_call_failure.py",
        "hashed_secret": "72cb70dbbafe97e5ea13ad88acd65d08389439b0",
        "is_verified": false,
        "line_number": 24
      }
    ],
    "tests/test_log_redact.py": [
      {
        "type": "Secret Keyword",
        "filename": "tests/test_log_redact.py",
        "hashed_secret": "16bd0b306c2191a6fc060bd8ebef254e2acbe17c",
        "is_verified": false,
        "line_number": 73
      },
      {
        "type": "Secret Keyword",
        "filename": "tests/test_log_redact.py",
        "hashed_secret": "c0ce2da8e8bf0d167619155b418351751ea8867e",
        "is_verified": false,
        "line_number": 86
      },
      {
        "type": "Base64 High Entropy String",
        "filename": "tests/test_log_redact.py",
        "hashed_secret": "bc401b186a9dd6927900684e379354ac115132c9",
        "is_verified": false,
        "line_number": 99
      },
      {
        "type": "Secret Keyword",
        "filename": "tests/test_log_redact.py",
        "hashed_secret": "bc401b186a9dd6927900684e379354ac115132c9",
        "is_verified": false,
        "line_number": 99
      },
      {
        "type": "Secret Keyword",
        "filename": "tests/test_log_redact.py",
        "hashed_secret": "dd94f55ac5b6d53402ac1a75336a4ee7694593a7",
        "is_verified": false,
        "line_number": 155
      }
    ],
    "tests/test_memory_io.py": [
      {
        "type": "Secret Keyword",
        "filename": "tests/test_memory_io.py",
        "hashed_secret": "ec417f567082612f8fd6afafe1abcab831fca840",
        "is_verified": false,
        "line_number": 94
      },
      {
        "type": "Secret Keyword",
        "filename": "tests/test_memory_io.py",
        "hashed_secret": "520bd69c3eb1646d9a78181ecb4c90c51fdf428d",
        "is_verified": false,
        "line_number": 101
      }
    ],
    "tests/test_new_modules.py": [
      {
        "type": "Secret Keyword",
        "filename": "tests/test_new_modules.py",
        "hashed_secret": "72cb70dbbafe97e5ea13ad88acd65d08389439b0",
        "is_verified": false,
        "line_number": 22
      }
    ],
    "tests/test_oauth_user.py": [
      {
        "type": "Secret Keyword",
        "filename": "tests/test_oauth_user.py",
        "hashed_secret": "59193194bf1996fe573bdebe595ae343c3160a82",
        "is_verified": false,
        "line_number": 28
      }
    ],
    "tests/test_phase1_modules.py": [
      {
        "type": "Secret Keyword",
        "filename": "tests/test_phase1_modules.py",
        "hashed_secret": "72cb70dbbafe97e5ea13ad88acd65d08389439b0",
        "is_verified": false,
        "line_number": 26
      },
      {
        "type": "Secret Keyword",
        "filename": "tests/test_phase1_modules.py",
        "hashed_secret": "f2b14f68eb995facb3a1c35287b778d5bd785511",
        "is_verified": false,
        "line_number": 185
      }
    ],
    "tests/test_phase_b_cascade_roundtrip.py": [
      {
        "type": "Hex High Entropy String",
        "filename": "tests/test_phase_b_cascade_roundtrip.py",
        "hashed_secret": "90bd1b48e958257948487b90bee080ba5ed00caa",
        "is_verified": false,
        "line_number": 200
      }
    ],
    "tests/test_redact_error.py": [
      {
        "type": "Base64 High Entropy String",
        "filename": "tests/test_redact_error.py",
        "hashed_secret": "abc31b46f75efee9a6efe941affd81bca8453028",
        "is_verified": false,
        "line_number": 30
      }
    ],
    "tests/test_runner_deepseek.py": [
      {
        "type": "Secret Keyword",
        "filename": "tests/test_runner_deepseek.py",
        "hashed_secret": "7e4eeeedb2b1731641e7ee3a75ce9e121f5c6211",
        "is_verified": false,
        "line_number": 45
      }
    ],
    "tests/test_scenarios.py": [
      {
        "type": "Secret Keyword",
        "filename": "tests/test_scenarios.py",
        "hashed_secret": "eb3d6b8a9e2a4087e2690c93f6f8a98ec33777fe",
        "is_verified": false,
        "line_number": 18
      }
    ],
    "tests/test_sec_h1_permissions.py": [
      {
        "type": "Secret Keyword",
        "filename": "tests/test_sec_h1_permissions.py",
        "hashed_secret": "9be7fe927cb5c600253549d9ab1779d7a46dca4f",
        "is_verified": false,
        "line_number": 28
      }
    ],
    "tests/test_soft_timeout.py": [
      {
        "type": "Secret Keyword",
        "filename": "tests/test_soft_timeout.py",
        "hashed_secret": "eb3d6b8a9e2a4087e2690c93f6f8a98ec33777fe",
        "is_verified": false,
        "line_number": 17
      }
    ],
    "tests/test_stats_audit_fixes.py": [
      {
        "type": "Secret Keyword",
        "filename": "tests/test_stats_audit_fixes.py",
        "hashed_secret": "7e4eeeedb2b1731641e7ee3a75ce9e121f5c6211",
        "is_verified": false,
        "line_number": 92
      }
    ],
    "tests/test_token_c3_memory_cascade.py": [
      {
        "type": "Secret Keyword",
        "filename": "tests/test_token_c3_memory_cascade.py",
        "hashed_secret": "913a73b565c8e2c8ed94497580f619397709b8b6",
        "is_verified": false,
        "line_number": 225
      }
    ],
    "tests/test_v21_modules.py": [
      {
        "type": "Secret Keyword",
        "filename": "tests/test_v21_modules.py",
        "hashed_secret": "72cb70dbbafe97e5ea13ad88acd65d08389439b0",
        "is_verified": false,
        "line_number": 16
      },
      {
        "type": "Secret Keyword",
        "filename": "tests/test_v21_modules.py",
        "hashed_secret": "ec417f567082612f8fd6afafe1abcab831fca840",
        "is_verified": false,
        "line_number": 51
      }
    ],
    "tests/test_voice_engine_dispatch.py": [
      {
        "type": "Secret Keyword",
        "filename": "tests/test_voice_engine_dispatch.py",
        "hashed_secret": "03a789f8151f2bddf88cad66a5b09b75cd0810be",
        "is_verified": false,
        "line_number": 70
      },
      {
        "type": "Secret Keyword",
        "filename": "tests/test_voice_engine_dispatch.py",
        "hashed_secret": "a973759fa5cbd2ab796d4e004ab4a9032ec72a39",
        "is_verified": false,
        "line_number": 194
      }
    ],
    "tests/test_voice_merge.py": [
      {
        "type": "Secret Keyword",
        "filename": "tests/test_voice_merge.py",
        "hashed_secret": "72cb70dbbafe97e5ea13ad88acd65d08389439b0",
        "is_verified": false,
        "line_number": 46
      }
    ],
    "tests/test_voice_message_branch.py": [
      {
        "type": "Secret Keyword",
        "filename": "tests/test_voice_message_branch.py",
        "hashed_secret": "72cb70dbbafe97e5ea13ad88acd65d08389439b0",
        "is_verified": false,
        "line_number": 56
      }
    ],
    "tests/test_voice_transcribe.py": [
      {
        "type": "Secret Keyword",
        "filename": "tests/test_voice_transcribe.py",
        "hashed_secret": "72cb70dbbafe97e5ea13ad88acd65d08389439b0",
        "is_verified": false,
        "line_number": 39
      }
    ],
    "tests/verify_v21_ac.py": [
      {
        "type": "Secret Keyword",
        "filename": "tests/verify_v21_ac.py",
        "hashed_secret": "72cb70dbbafe97e5ea13ad88acd65d08389439b0",
        "is_verified": false,
        "line_number": 20
      },
      {
        "type": "Secret Keyword",
        "filename": "tests/verify_v21_ac.py",
        "hashed_secret": "b6c18a5c3d212e6e8b5b892a91a618c78c049a9e",
        "is_verified": false,
        "line_number": 39
      },
      {
        "type": "Secret Keyword",
        "filename": "tests/verify_v21_ac.py",
        "hashed_secret": "99091d046a81493ef2545d8c3cd8e881e8702893",
        "is_verified": false,
        "line_number": 194
      }
    ]
  },
  "generated_at": "2026-06-03T08:04:53Z"
}
